[ INFO] [2025-04-09 15:48:15,565] [AutoTrade.py] [1198] > ************    初始化    ***********
[ INFO] [2025-04-09 15:48:15,658] [AutoTrade.py] [110] > 正股代码：HK.03690
[ INFO] [2025-04-09 15:48:15,658] [AutoTrade.py] [111] > 涡轮代码：HK.14474 | 涡轮方向：CALL | 目标经纪号：9711 | 换股比例：100.0 | 现金购买力：36813.35 
[ INFO] [2025-04-09 15:48:15,658] [AutoTrade.py] [113] > 理论波动率 ： 默认等于理论灵敏度-->0.5
[ INFO] [2025-04-09 15:48:15,658] [AutoTrade.py] [114] > 买入开始：0.6 | 卖出开始：0.3 | 挂单量：1 | 仓位：[1, 1, 1]  | 是否跟随撤单(0跟随其他不跟随)：1 | 微调价格：[2.0, 2.0]
[ INFO] [2025-04-09 15:48:15,663] [AutoTrade.py] [1214] > 订阅成功，开始交易
[ INFO] [2025-04-09 15:48:15,663] [AutoTrade.py] [1215] > ************  策略开始运行 ***********
[ INFO] [2025-04-09 15:50:17,599] [AutoTrade.py] [180] > unsubscribe all successfully！current subscription status:(0, {'total_used': 16, 'remain': 284, 'own_used': 0, 'sub_list': {'ORDER_BOOK': ['HK.03690', 'HK.14474', 'HK.00700', 'HK.14011', 'HK.02318', 'HK.28117', 'HK.27447', 'HK.13071'], 'BROKER': ['HK.03690', 'HK.14474', 'HK.00700', 'HK.14011', 'HK.02318', 'HK.28117', 'HK.27447', 'HK.13071']}})
[ INFO] [2025-04-09 15:50:17,600] [AutoTrade.py] [1127] > 错误执行初始化代码
[ INFO] [2025-04-09 15:50:17,600] [AutoTrade.py] [1128] > 'OpenSecTradeContext' object has no attribute 'unsubscribe_all'
[ INFO] [2025-04-09 15:50:17,600] [AutoTrade.py] [1135] > 错误执行初始化代码FINALLY，行情代码和交易代码重置为HK.00000
[ INFO] [2025-04-09 16:26:23,653] [AutoTrade.py] [110] > 正股代码：HK.02318
[ INFO] [2025-04-09 16:26:23,653] [AutoTrade.py] [111] > 涡轮代码：HK.28117 | 涡轮方向：CALL | 目标经纪号：9715 | 换股比例：50.0 | 现金购买力：36813.35 
[ INFO] [2025-04-09 16:26:23,653] [AutoTrade.py] [113] > 理论波动率 ： 默认等于理论灵敏度-->0.5
[ INFO] [2025-04-09 16:26:23,653] [AutoTrade.py] [114] > 买入开始：0.6 | 卖出开始：0.3 | 挂单量：3 | 仓位：[1, 1, 1]  | 是否跟随撤单(0跟随其他不跟随)：1 | 微调价格：[2.0, 2.0]
[ INFO] [2025-04-09 16:26:23,659] [AutoTrade.py] [1235] > 订阅成功，开始交易
[ INFO] [2025-04-09 16:26:23,659] [AutoTrade.py] [1236] > ************  策略开始运行 ***********
[ INFO] [2025-04-09 16:26:52,882] [AutoTrade.py] [1198] > ************    初始化    ***********
[ INFO] [2025-04-09 16:26:52,979] [AutoTrade.py] [110] > 正股代码：HK.03690
[ INFO] [2025-04-09 16:26:52,979] [AutoTrade.py] [111] > 涡轮代码：HK.14474 | 涡轮方向：CALL | 目标经纪号：9711 | 换股比例：100.0 | 现金购买力：36813.35 
[ INFO] [2025-04-09 16:26:52,979] [AutoTrade.py] [113] > 理论波动率 ： 默认等于理论灵敏度-->0.5
[ INFO] [2025-04-09 16:26:52,979] [AutoTrade.py] [114] > 买入开始：0.6 | 卖出开始：0.3 | 挂单量：1 | 仓位：[1, 1, 1]  | 是否跟随撤单(0跟随其他不跟随)：1 | 微调价格：[2.0, 2.0]
[ INFO] [2025-04-09 16:26:52,984] [AutoTrade.py] [1214] > 订阅成功，开始交易
[ INFO] [2025-04-09 16:26:52,984] [AutoTrade.py] [1215] > ************  策略开始运行 ***********
[ INFO] [2025-04-09 16:26:57,130] [AutoTrade.py] [182] > Failed to cancel all subscriptions！订阅时间过短，至少需要订阅1分钟 03690 Basic
[ INFO] [2025-04-09 16:26:57,130] [AutoTrade.py] [1127] > 错误执行初始化代码
[ INFO] [2025-04-09 16:26:57,130] [AutoTrade.py] [1128] > 'OpenSecTradeContext' object has no attribute 'unsubscribe_all'
[ INFO] [2025-04-09 16:26:57,130] [AutoTrade.py] [1135] > 错误执行初始化代码FINALLY，行情代码和交易代码重置为HK.00000
