[DEBUG] [2025-05-16 15:33:57,594] [AutoFlowTrade.py] [1065] > 重置代码:HK.00000价格：0
[ERROR] [2025-05-16 15:33:57,603] [AutoFlowTrade.py] [398] > 获取最大可买可卖失败：data港股找不到'00000'，请确认输入的股票代码或使用的交易对象是否正确|codeHK.00000|price0
[DEBUG] [2025-05-16 15:33:57,603] [AutoFlowTrade.py] [119] > 初始化记录值字典默认[-1, -1, -1, -1, -1, '-1', '-1']（0-0.250）
[ INFO] [2025-05-16 15:33:57,604] [AutoFlowTrade.py] [1073] > 错误执行初始化代码
[ INFO] [2025-05-16 15:33:57,604] [AutoFlowTrade.py] [1074] > 'bool' object is not subscriptable
[DEBUG] [2025-05-16 15:33:57,605] [AutoFlowTrade.py] [119] > 初始化记录值字典默认[-1, -1, -1, -1, -1, '-1', '-1']（0-0.250）
[ INFO] [2025-05-16 15:33:57,605] [AutoFlowTrade.py] [1081] > 错误执行初始化代码FINALLY，行情代码和交易代码重置为HK.00000
[DEBUG] [2025-05-16 15:34:18,663] [AutoFlowTrade.py] [1065] > 重置代码:HK.00000价格：0
[ERROR] [2025-05-16 15:34:18,666] [AutoFlowTrade.py] [398] > 获取最大可买可卖失败：data港股找不到'00000'，请确认输入的股票代码或使用的交易对象是否正确|codeHK.00000|price0
[DEBUG] [2025-05-16 15:34:18,666] [AutoFlowTrade.py] [119] > 初始化记录值字典默认[-1, -1, -1, -1, -1, '-1', '-1']（0-0.250）
[ INFO] [2025-05-16 15:34:18,667] [AutoFlowTrade.py] [1073] > 错误执行初始化代码
[ INFO] [2025-05-16 15:34:18,667] [AutoFlowTrade.py] [1074] > 'bool' object is not subscriptable
[DEBUG] [2025-05-16 15:34:18,667] [AutoFlowTrade.py] [119] > 初始化记录值字典默认[-1, -1, -1, -1, -1, '-1', '-1']（0-0.250）
[ INFO] [2025-05-16 15:34:18,667] [AutoFlowTrade.py] [1081] > 错误执行初始化代码FINALLY，行情代码和交易代码重置为HK.00000
[ INFO] [2025-05-16 15:42:37,149] [AutoFlowTrade.py] [1143] > ************    初始化    ***********
[ INFO] [2025-05-16 15:42:37,260] [AutoFlowTrade.py] [500] > 解锁交易成功！
[ INFO] [2025-05-16 15:42:37,349] [AutoFlowTrade.py] [107] > 正股代码：HK.03690--参考行情代码HK.03690
[ INFO] [2025-05-16 15:42:37,349] [AutoFlowTrade.py] [108] > 涡轮代码：HK.13331 | 涡轮方向：CALL | 目标经纪号：9711 | 换股比例：100.0 | 现金购买力：5928.77 | 一手的股数：10000
[ INFO] [2025-05-16 15:42:37,349] [AutoFlowTrade.py] [110] > 理论波动率 ： 默认等于理论灵敏度-->5.2631578947368425
[ INFO] [2025-05-16 15:42:37,349] [AutoFlowTrade.py] [111] > 买入开始：0.5 | 卖出开始：0.3 | 挂单量：1 | 仓位：[1, 0, 0]  | 是否跟随撤单(0跟随其他不跟随)：1 
[DEBUG] [2025-05-16 15:42:37,350] [AutoFlowTrade.py] [119] > 初始化记录值字典默认[-1, -1, -1, -1, -1, '-1', '-1']（0-0.250）
[ INFO] [2025-05-16 15:42:37,355] [AutoFlowTrade.py] [1159] > 订阅成功，开始交易
[ INFO] [2025-05-16 15:42:37,355] [AutoFlowTrade.py] [1160] > ************  策略开始运行 ***********
[DEBUG] [2025-05-16 15:42:40,078] [AutoFlowTrade.py] [1065] > 重置代码:HK.13331价格：0.036
[ INFO] [2025-05-16 15:42:40,248] [AutoFlowTrade.py] [223] > 没有持仓 : 
[ INFO] [2025-05-16 15:42:40,249] [AutoFlowTrade.py] [180] > Failed to cancel all subscriptions！订阅时间过短，至少需要订阅1分钟 03690 Basic
[DEBUG] [2025-05-16 15:42:40,249] [AutoFlowTrade.py] [119] > 初始化记录值字典默认[-1, -1, -1, -1, -1, '-1', '-1']（0-0.250）
[ INFO] [2025-05-16 15:42:40,249] [AutoFlowTrade.py] [1073] > 错误执行初始化代码
[ INFO] [2025-05-16 15:42:40,249] [AutoFlowTrade.py] [1074] > 'OpenSecTradeContext' object has no attribute 'unsubscribe_all'
[DEBUG] [2025-05-16 15:42:40,249] [AutoFlowTrade.py] [119] > 初始化记录值字典默认[-1, -1, -1, -1, -1, '-1', '-1']（0-0.250）
[ INFO] [2025-05-16 15:42:40,249] [AutoFlowTrade.py] [1081] > 错误执行初始化代码FINALLY，行情代码和交易代码重置为HK.00000
[DEBUG] [2025-05-16 15:45:05,413] [AutoFlowTrade.py] [1065] > 重置代码:HK.00000价格：0
[ERROR] [2025-05-16 15:45:05,417] [AutoFlowTrade.py] [398] > 获取最大可买可卖失败：data港股找不到'00000'，请确认输入的股票代码或使用的交易对象是否正确|codeHK.00000|price0
[DEBUG] [2025-05-16 15:45:05,417] [AutoFlowTrade.py] [119] > 初始化记录值字典默认[-1, -1, -1, -1, -1, '-1', '-1']（0-0.250）
[ INFO] [2025-05-16 15:45:05,417] [AutoFlowTrade.py] [1073] > 错误执行初始化代码
[ INFO] [2025-05-16 15:45:05,417] [AutoFlowTrade.py] [1074] > 'bool' object is not subscriptable
[DEBUG] [2025-05-16 15:45:05,418] [AutoFlowTrade.py] [119] > 初始化记录值字典默认[-1, -1, -1, -1, -1, '-1', '-1']（0-0.250）
[ INFO] [2025-05-16 15:45:05,418] [AutoFlowTrade.py] [1081] > 错误执行初始化代码FINALLY，行情代码和交易代码重置为HK.00000
[DEBUG] [2025-05-16 15:45:51,788] [AutoFlowTrade.py] [1065] > 重置代码:HK.00000价格：0
[ERROR] [2025-05-16 15:45:51,794] [AutoFlowTrade.py] [398] > 获取最大可买可卖失败：data港股找不到'00000'，请确认输入的股票代码或使用的交易对象是否正确|codeHK.00000|price0
[DEBUG] [2025-05-16 15:45:51,795] [AutoFlowTrade.py] [119] > 初始化记录值字典默认[-1, -1, -1, -1, -1, '-1', '-1']（0-0.250）
[ INFO] [2025-05-16 15:45:51,795] [AutoFlowTrade.py] [1073] > 错误执行初始化代码
[ INFO] [2025-05-16 15:45:51,795] [AutoFlowTrade.py] [1074] > 'bool' object is not subscriptable
[DEBUG] [2025-05-16 15:45:51,795] [AutoFlowTrade.py] [119] > 初始化记录值字典默认[-1, -1, -1, -1, -1, '-1', '-1']（0-0.250）
[ INFO] [2025-05-16 15:45:51,796] [AutoFlowTrade.py] [1081] > 错误执行初始化代码FINALLY，行情代码和交易代码重置为HK.00000
